<?xml version="1.0" encoding="utf-8"?>
<SchemaMapingManager xmlns:xsi="http://www.w3.org/2001/XMLSchema-instance" xmlns:xsd="http://www.w3.org/2001/XMLSchema">
  <Schemas>
    <item>
      <key>
        <string>Security</string>
      </key>
      <value>
        <string>Security</string>
      </value>
    </item>
    <item>
      <key>
        <string>Process</string>
      </key>
      <value>
        <string>Process</string>
      </value>
    </item>
    <item>
      <key>
        <string>Config</string>
      </key>
      <value>
        <string>Config</string>
      </value>
    </item>
    <item>
      <key>
        <string>Audit</string>
      </key>
      <value>
        <string>Audit</string>
      </value>
    </item>
    <item>
      <key>
        <string>Report</string>
      </key>
      <value>
        <string>Report</string>
      </value>
    </item>
    <item>
      <key>
        <string>Export</string>
      </key>
      <value>
        <string>Export</string>
      </value>
    </item>
    <item>
      <key>
        <string>dbo</string>
      </key>
      <value>
        <string>dbo</string>
      </value>
    </item>
    <item>
      <key>
        <string>Core</string>
      </key>
      <value>
        <string>Core</string>
      </value>
    </item>
  </Schemas>
</SchemaMapingManager>