<?xml version="1.0" encoding="utf-8"?>
<SchemaMapingManager xmlns:xsi="http://www.w3.org/2001/XMLSchema-instance" xmlns:xsd="http://www.w3.org/2001/XMLSchema">
  <Schemas>
    <item>
      <key>
        <string>Ripley</string>
      </key>
      <value>
        <string>Ripley</string>
      </value>
    </item>
    <item>
      <key>
        <string>Coomeva</string>
      </key>
      <value>
        <string>Coomeva</string>
      </value>
    </item>
    <item>
      <key>
        <string>CoomevaReport</string>
      </key>
      <value>
        <string>CoomevaReport</string>
      </value>
    </item>
    <item>
      <key>
        <string>Security</string>
      </key>
      <value>
        <string>Security</string>
      </value>
    </item>
    <item>
      <key>
        <string>Santander</string>
      </key>
      <value>
        <string>Santander</string>
      </value>
    </item>
    <item>
      <key>
        <string>Process</string>
      </key>
      <value>
        <string>Process</string>
      </value>
    </item>
    <item>
      <key>
        <string>Data</string>
      </key>
      <value>
        <string>Data</string>
      </value>
    </item>
    <item>
      <key>
        <string>BCSCarpetaUnica</string>
      </key>
      <value>
        <string>BCSCarpetaUnica</string>
      </value>
    </item>
    <item>
      <key>
        <string>BcoBogota</string>
      </key>
      <value>
        <string>BcoBogota</string>
      </value>
    </item>
    <item>
      <key>
        <string>ColpensionesBEPS</string>
      </key>
      <value>
        <string>ColpensionesBEPS</string>
      </value>
    </item>
    <item>
      <key>
        <string>BcoPopular</string>
      </key>
      <value>
        <string>BcoPopular</string>
      </value>
    </item>
    <item>
      <key>
        <string>CITIBANK</string>
      </key>
      <value>
        <string>CITIBANK</string>
      </value>
    </item>
    <item>
      <key>
        <string>UMV</string>
      </key>
      <value>
        <string>UMV</string>
      </value>
    </item>
    <item>
      <key>
        <string>BcoItau</string>
      </key>
      <value>
        <string>BcoItau</string>
      </value>
    </item>
    <item>
      <key>
        <string>BcoCitibank</string>
      </key>
      <value>
        <string>BcoCitibank</string>
      </value>
    </item>
    <item>
      <key>
        <string>BCSHipotecarios</string>
      </key>
      <value>
        <string>BCSHipotecarios</string>
      </value>
    </item>
    <item>
      <key>
        <string>BcoDavivienda</string>
      </key>
      <value>
        <string>BcoDavivienda</string>
      </value>
    </item>
    <item>
      <key>
        <string>BcoFalabella</string>
      </key>
      <value>
        <string>BcoFalabella</string>
      </value>
    </item>
    <item>
      <key>
        <string>BcoColpatria</string>
      </key>
      <value>
        <string>BcoColpatria</string>
      </value>
    </item>
    <item>
      <key>
        <string>BcoCoopcentral</string>
      </key>
      <value>
        <string>BcoCoopcentral</string>
      </value>
    </item>
    <item>
      <key>
        <string>Config</string>
      </key>
      <value>
        <string>Config</string>
      </value>
    </item>
    <item>
      <key>
        <string>Domesa</string>
      </key>
      <value>
        <string>Domesa</string>
      </value>
    </item>
    <item>
      <key>
        <string>EPago</string>
      </key>
      <value>
        <string>EPago</string>
      </value>
    </item>
    <item>
      <key>
        <string>Load</string>
      </key>
      <value>
        <string>Load</string>
      </value>
    </item>
  </Schemas>
</SchemaMapingManager>